// Jest Snapshot v1, https://goo.gl/fbAQLP

exports[`ClockLabel -> Snapshot -> Deve corresponder ao componente com as props default 1`] = `
<Text
  rest={
    Object {
      "rest": Object {},
    }
  }
  style={
    Array [
      Object {
        "color": "#FFF",
        "fontSize": 16,
      },
      undefined,
    ]
  }
  testID="LABEL_CONTAINER_TEST_ID"
>
  21:34 - 3 Jul 2022
</Text>
`;

exports[`ClockLabel -> Snapshot -> Deve corresponder ao componente com as props mais utilizadas 1`] = `
<Text
  rest={
    Object {
      "rest": Object {},
    }
  }
  style={
    Array [
      Object {
        "color": "#FFF",
        "fontSize": 16,
      },
      undefined,
    ]
  }
  testID="LABEL_CONTAINER_TEST_ID"
>
  21:34 - 3 Jul 2022
</Text>
`;
